2025-09-03 10:51:58,146 - INFO - CSV file read successfully.
2025-09-03 11:34:11,222 - INFO - CSV file read successfully.
2025-09-03 11:36:09,587 - INFO - CSV file read successfully.
2025-09-03 11:46:10,264 - INFO - CSV file read successfully.
2025-09-03 13:22:07,133 - INFO - CSV file read successfully.
2025-09-03 14:56:19,598 - WARNING - RuntimeWarning: invalid value encountered in subtract (File: C:\Users\glislazaju2\AppData\Local\Packages\PythonSoftwareFoundation.Python.3.11_qbz5n2kfra8p0\LocalCache\local-packages\Python311\site-packages\pandas\core\nanops.py, Line: 1016)
2025-09-03 14:56:19,606 - WARNING - RuntimeWarning: invalid value encountered in subtract (File: C:\Users\glislazaju2\AppData\Local\Packages\PythonSoftwareFoundation.Python.3.11_qbz5n2kfra8p0\LocalCache\local-packages\Python311\site-packages\numpy\lib\function_base.py, Line: 4655)
2025-09-03 14:56:19,611 - WARNING - RuntimeWarning: invalid value encountered in subtract (File: C:\Users\glislazaju2\AppData\Local\Packages\PythonSoftwareFoundation.Python.3.11_qbz5n2kfra8p0\LocalCache\local-packages\Python311\site-packages\pandas\core\nanops.py, Line: 1344)
2025-09-03 14:56:19,615 - WARNING - RuntimeWarning: invalid value encountered in subtract (File: C:\Users\glislazaju2\AppData\Local\Packages\PythonSoftwareFoundation.Python.3.11_qbz5n2kfra8p0\LocalCache\local-packages\Python311\site-packages\pandas\core\nanops.py, Line: 1256)
2025-09-03 14:56:19,623 - WARNING - UserWarning: cannot convert float infinity to integer (File: C:\Users\glislazaju2\AppData\Local\Temp\ipykernel_36496\1817312141.py, Line: 409)
2025-09-03 19:51:25,576 - INFO - CSV file read successfully.
2025-09-03 20:45:11,936 - INFO - CSV file read successfully.
2025-09-03 21:01:02,828 - INFO - CSV file read successfully.
2025-09-03 21:21:10,310 - INFO - CSV file read successfully.
2025-09-03 21:28:23,377 - INFO - CSV file read successfully.
2025-09-03 21:29:47,937 - INFO - CSV file read successfully.
2025-09-03 21:31:02,145 - INFO - CSV file read successfully.
2025-09-04 09:50:52,700 - INFO - CSV file read successfully.
2025-09-04 09:57:29,438 - INFO - CSV file read successfully.
2025-09-04 10:25:00,517 - INFO - CSV file read successfully.
2025-09-04 10:31:32,693 - INFO - CSV file read successfully.
2025-09-04 10:37:33,204 - INFO - CSV file read successfully.
2025-09-04 10:40:18,113 - INFO - CSV file read successfully.
2025-09-04 10:44:55,801 - INFO - CSV file read successfully.
2025-09-04 10:49:15,059 - INFO - CSV file read successfully.
2025-09-04 11:13:51,172 - INFO - CSV file read successfully.
2025-09-04 13:16:38,007 - INFO - CSV file read successfully.
2025-09-04 13:41:04,583 - INFO - CSV file read successfully.
2025-09-04 13:57:37,918 - INFO - CSV file read successfully.
2025-09-04 14:10:31,596 - INFO - CSV file read successfully.
2025-09-04 14:14:38,838 - INFO - CSV file read successfully.
2025-09-04 14:15:57,293 - INFO - CSV file read successfully.
2025-09-04 14:19:05,545 - INFO - CSV file read successfully.
2025-09-04 14:56:03,448 - WARNING - TqdmWarning: IProgress not found. Please update jupyter and ipywidgets. See https://ipywidgets.readthedocs.io/en/stable/user_install.html (File: c:\ThesisWork\offical_approach\mth_project\.venv\Lib\site-packages\tqdm\auto.py, Line: 21)
2025-09-04 15:58:58,831 - INFO - CSV file read successfully.
2025-09-04 16:13:43,420 - INFO - Loading checkpoint from C:\Users\glislazaju2\.cache\huggingface\hub\models--google--timesfm-2.0-500m-pytorch\snapshots\dc2443792ce5516872b89b37cf1bc058c3bf0c10\torch_model.ckpt
2025-09-04 16:14:17,132 - INFO - Sending checkpoint to device cpu
2025-09-05 11:01:32,882 - WARNING - TqdmWarning: IProgress not found. Please update jupyter and ipywidgets. See https://ipywidgets.readthedocs.io/en/stable/user_install.html (File: c:\ThesisWork\offical_approach\mth_project\.venv\Lib\site-packages\tqdm\auto.py, Line: 21)
2025-09-05 11:19:51,654 - INFO - CSV file read successfully.
2025-09-05 11:20:53,120 - INFO - Loading checkpoint from C:\Users\glislazaju2\.cache\huggingface\hub\models--google--timesfm-2.0-500m-pytorch\snapshots\dc2443792ce5516872b89b37cf1bc058c3bf0c10\torch_model.ckpt
2025-09-05 11:21:03,673 - INFO - Sending checkpoint to device cpu
2025-09-05 11:21:03,974 - INFO - Preprocessing dataframe.
2025-09-05 11:27:45,091 - INFO - Finished creating output dataframe.
2025-09-05 11:27:45,096 - INFO - Preprocessing dataframe.
2025-09-05 11:34:10,018 - INFO - Finished creating output dataframe.
2025-09-05 11:34:10,024 - INFO - Preprocessing dataframe.
2025-09-05 11:40:16,461 - INFO - Finished creating output dataframe.
2025-09-05 11:40:16,469 - INFO - Preprocessing dataframe.
2025-09-05 11:49:09,242 - INFO - Finished creating output dataframe.
2025-09-05 11:49:09,245 - INFO - Preprocessing dataframe.
2025-09-05 11:57:48,392 - INFO - Finished creating output dataframe.
2025-09-05 11:57:48,399 - INFO - Preprocessing dataframe.
2025-09-05 12:05:05,050 - INFO - Finished creating output dataframe.
2025-09-05 13:15:25,934 - INFO - CSV file read successfully.
2025-09-05 13:17:14,373 - INFO - Loading checkpoint from C:\Users\glislazaju2\.cache\huggingface\hub\models--google--timesfm-2.0-500m-pytorch\snapshots\dc2443792ce5516872b89b37cf1bc058c3bf0c10\torch_model.ckpt
2025-09-05 13:17:30,295 - INFO - Sending checkpoint to device cpu
2025-09-05 13:17:31,012 - INFO - Preprocessing dataframe.
2025-09-05 13:18:07,061 - INFO - Finished creating output dataframe.
2025-09-05 13:18:07,066 - INFO - Preprocessing dataframe.
2025-09-05 13:18:39,602 - INFO - Finished creating output dataframe.
2025-09-05 13:18:39,604 - INFO - Preprocessing dataframe.
2025-09-05 13:19:04,226 - INFO - Finished creating output dataframe.
2025-09-05 13:19:04,228 - INFO - Preprocessing dataframe.
2025-09-05 13:19:28,523 - INFO - Finished creating output dataframe.
2025-09-05 13:19:28,525 - INFO - Preprocessing dataframe.
2025-09-05 13:19:53,801 - INFO - Finished creating output dataframe.
2025-09-05 13:19:53,804 - INFO - Preprocessing dataframe.
2025-09-05 13:20:16,679 - INFO - Finished creating output dataframe.
2025-09-08 09:48:14,359 - WARNING - TqdmWarning: IProgress not found. Please update jupyter and ipywidgets. See https://ipywidgets.readthedocs.io/en/stable/user_install.html (File: c:\ThesisWork\offical_approach\mth_project\.venv\Lib\site-packages\tqdm\auto.py, Line: 21)
2025-09-08 09:50:51,882 - INFO - CSV file read successfully.
2025-09-08 10:22:37,479 - INFO - CSV file read successfully.
2025-09-08 10:23:25,270 - INFO - Loading checkpoint from C:\Users\glislazaju2\.cache\huggingface\hub\models--google--timesfm-2.0-500m-pytorch\snapshots\dc2443792ce5516872b89b37cf1bc058c3bf0c10\torch_model.ckpt
2025-09-08 10:23:39,058 - INFO - Sending checkpoint to device cpu
2025-09-08 10:23:40,610 - INFO - Preprocessing dataframe.
2025-09-08 10:24:20,815 - INFO - Finished creating output dataframe.
2025-09-08 10:24:20,820 - INFO - Preprocessing dataframe.
2025-09-08 10:24:54,661 - INFO - Finished creating output dataframe.
2025-09-08 10:24:54,661 - INFO - Preprocessing dataframe.
2025-09-08 10:25:32,464 - INFO - Finished creating output dataframe.
2025-09-08 10:25:32,468 - INFO - Preprocessing dataframe.
2025-09-08 10:26:09,149 - INFO - Finished creating output dataframe.
2025-09-08 10:26:09,149 - INFO - Preprocessing dataframe.
2025-09-08 10:27:02,069 - INFO - Finished creating output dataframe.
2025-09-08 10:27:02,089 - INFO - Preprocessing dataframe.
2025-09-08 10:27:51,466 - INFO - Finished creating output dataframe.
2025-09-08 14:36:36,682 - WARNING - TqdmWarning: IProgress not found. Please update jupyter and ipywidgets. See https://ipywidgets.readthedocs.io/en/stable/user_install.html (File: c:\ThesisWork\offical_approach\mth_project\.venv\Lib\site-packages\tqdm\auto.py, Line: 21)
2025-09-08 14:36:43,543 - INFO - CSV file read successfully.
2025-09-08 14:46:11,636 - WARNING - ValueWarning: No frequency information was provided, so inferred frequency min will be used. (File: c:\ThesisWork\offical_approach\mth_project\.venv\Lib\site-packages\statsmodels\tsa\base\tsa_model.py, Line: 473)
2025-09-08 14:46:11,644 - WARNING - ValueWarning: No frequency information was provided, so inferred frequency min will be used. (File: c:\ThesisWork\offical_approach\mth_project\.venv\Lib\site-packages\statsmodels\tsa\base\tsa_model.py, Line: 473)
2025-09-08 14:46:11,649 - WARNING - ValueWarning: No frequency information was provided, so inferred frequency min will be used. (File: c:\ThesisWork\offical_approach\mth_project\.venv\Lib\site-packages\statsmodels\tsa\base\tsa_model.py, Line: 473)
2025-09-08 14:46:11,655 - WARNING - ValueWarning: No frequency information was provided, so inferred frequency min will be used. (File: c:\ThesisWork\offical_approach\mth_project\.venv\Lib\site-packages\statsmodels\tsa\base\tsa_model.py, Line: 473)
2025-09-08 14:46:11,668 - WARNING - ValueWarning: No frequency information was provided, so inferred frequency min will be used. (File: c:\ThesisWork\offical_approach\mth_project\.venv\Lib\site-packages\statsmodels\tsa\base\tsa_model.py, Line: 473)
2025-09-08 14:46:11,683 - WARNING - ValueWarning: No frequency information was provided, so inferred frequency min will be used. (File: c:\ThesisWork\offical_approach\mth_project\.venv\Lib\site-packages\statsmodels\tsa\base\tsa_model.py, Line: 473)
2025-09-08 14:46:11,706 - WARNING - ValueWarning: No frequency information was provided, so inferred frequency min will be used. (File: c:\ThesisWork\offical_approach\mth_project\.venv\Lib\site-packages\statsmodels\tsa\base\tsa_model.py, Line: 473)
2025-09-08 14:46:11,721 - WARNING - ValueWarning: No frequency information was provided, so inferred frequency min will be used. (File: c:\ThesisWork\offical_approach\mth_project\.venv\Lib\site-packages\statsmodels\tsa\base\tsa_model.py, Line: 473)
2025-09-08 14:46:11,755 - WARNING - ValueWarning: No frequency information was provided, so inferred frequency min will be used. (File: c:\ThesisWork\offical_approach\mth_project\.venv\Lib\site-packages\statsmodels\tsa\base\tsa_model.py, Line: 473)
2025-09-08 14:46:11,784 - WARNING - ValueWarning: No frequency information was provided, so inferred frequency min will be used. (File: c:\ThesisWork\offical_approach\mth_project\.venv\Lib\site-packages\statsmodels\tsa\base\tsa_model.py, Line: 473)
2025-09-08 14:46:11,816 - WARNING - ValueWarning: No frequency information was provided, so inferred frequency min will be used. (File: c:\ThesisWork\offical_approach\mth_project\.venv\Lib\site-packages\statsmodels\tsa\base\tsa_model.py, Line: 473)
2025-09-08 14:46:11,866 - WARNING - ValueWarning: No frequency information was provided, so inferred frequency min will be used. (File: c:\ThesisWork\offical_approach\mth_project\.venv\Lib\site-packages\statsmodels\tsa\base\tsa_model.py, Line: 473)
2025-09-08 14:46:11,901 - WARNING - ValueWarning: No frequency information was provided, so inferred frequency min will be used. (File: c:\ThesisWork\offical_approach\mth_project\.venv\Lib\site-packages\statsmodels\tsa\base\tsa_model.py, Line: 473)
2025-09-08 14:46:11,957 - WARNING - ValueWarning: No frequency information was provided, so inferred frequency min will be used. (File: c:\ThesisWork\offical_approach\mth_project\.venv\Lib\site-packages\statsmodels\tsa\base\tsa_model.py, Line: 473)
2025-09-08 14:46:12,008 - WARNING - ValueWarning: No frequency information was provided, so inferred frequency min will be used. (File: c:\ThesisWork\offical_approach\mth_project\.venv\Lib\site-packages\statsmodels\tsa\base\tsa_model.py, Line: 473)
2025-09-08 14:46:12,067 - WARNING - ValueWarning: No frequency information was provided, so inferred frequency min will be used. (File: c:\ThesisWork\offical_approach\mth_project\.venv\Lib\site-packages\statsmodels\tsa\base\tsa_model.py, Line: 473)
2025-09-08 14:46:12,150 - WARNING - ValueWarning: No frequency information was provided, so inferred frequency min will be used. (File: c:\ThesisWork\offical_approach\mth_project\.venv\Lib\site-packages\statsmodels\tsa\base\tsa_model.py, Line: 473)
2025-09-08 14:46:12,237 - WARNING - ValueWarning: No frequency information was provided, so inferred frequency min will be used. (File: c:\ThesisWork\offical_approach\mth_project\.venv\Lib\site-packages\statsmodels\tsa\base\tsa_model.py, Line: 473)
2025-09-08 14:46:12,327 - WARNING - ValueWarning: No frequency information was provided, so inferred frequency min will be used. (File: c:\ThesisWork\offical_approach\mth_project\.venv\Lib\site-packages\statsmodels\tsa\base\tsa_model.py, Line: 473)
2025-09-08 14:46:12,438 - WARNING - ValueWarning: No frequency information was provided, so inferred frequency min will be used. (File: c:\ThesisWork\offical_approach\mth_project\.venv\Lib\site-packages\statsmodels\tsa\base\tsa_model.py, Line: 473)
2025-09-08 14:46:12,552 - WARNING - ValueWarning: No frequency information was provided, so inferred frequency min will be used. (File: c:\ThesisWork\offical_approach\mth_project\.venv\Lib\site-packages\statsmodels\tsa\base\tsa_model.py, Line: 473)
2025-09-08 14:46:12,669 - WARNING - ValueWarning: No frequency information was provided, so inferred frequency min will be used. (File: c:\ThesisWork\offical_approach\mth_project\.venv\Lib\site-packages\statsmodels\tsa\base\tsa_model.py, Line: 473)
2025-09-08 14:46:12,832 - WARNING - ValueWarning: No frequency information was provided, so inferred frequency min will be used. (File: c:\ThesisWork\offical_approach\mth_project\.venv\Lib\site-packages\statsmodels\tsa\base\tsa_model.py, Line: 473)
2025-09-08 14:46:13,001 - WARNING - ValueWarning: No frequency information was provided, so inferred frequency min will be used. (File: c:\ThesisWork\offical_approach\mth_project\.venv\Lib\site-packages\statsmodels\tsa\base\tsa_model.py, Line: 473)
2025-09-08 14:46:13,177 - WARNING - ValueWarning: No frequency information was provided, so inferred frequency min will be used. (File: c:\ThesisWork\offical_approach\mth_project\.venv\Lib\site-packages\statsmodels\tsa\base\tsa_model.py, Line: 473)
2025-09-08 14:46:13,433 - WARNING - ValueWarning: No frequency information was provided, so inferred frequency min will be used. (File: c:\ThesisWork\offical_approach\mth_project\.venv\Lib\site-packages\statsmodels\tsa\base\tsa_model.py, Line: 473)
2025-09-08 14:46:13,757 - WARNING - ValueWarning: No frequency information was provided, so inferred frequency min will be used. (File: c:\ThesisWork\offical_approach\mth_project\.venv\Lib\site-packages\statsmodels\tsa\base\tsa_model.py, Line: 473)
2025-09-08 14:46:14,198 - WARNING - ValueWarning: No frequency information was provided, so inferred frequency min will be used. (File: c:\ThesisWork\offical_approach\mth_project\.venv\Lib\site-packages\statsmodels\tsa\base\tsa_model.py, Line: 473)
2025-09-08 14:46:14,769 - WARNING - ValueWarning: No frequency information was provided, so inferred frequency min will be used. (File: c:\ThesisWork\offical_approach\mth_project\.venv\Lib\site-packages\statsmodels\tsa\base\tsa_model.py, Line: 473)
2025-09-08 14:46:15,401 - WARNING - ValueWarning: No frequency information was provided, so inferred frequency min will be used. (File: c:\ThesisWork\offical_approach\mth_project\.venv\Lib\site-packages\statsmodels\tsa\base\tsa_model.py, Line: 473)
2025-09-08 14:46:16,050 - WARNING - ValueWarning: No frequency information was provided, so inferred frequency min will be used. (File: c:\ThesisWork\offical_approach\mth_project\.venv\Lib\site-packages\statsmodels\tsa\base\tsa_model.py, Line: 473)
2025-09-08 14:46:16,050 - WARNING - ValueWarning: No frequency information was provided, so inferred frequency min will be used. (File: c:\ThesisWork\offical_approach\mth_project\.venv\Lib\site-packages\statsmodels\tsa\base\tsa_model.py, Line: 473)
2025-09-08 14:46:16,050 - WARNING - ValueWarning: No frequency information was provided, so inferred frequency min will be used. (File: c:\ThesisWork\offical_approach\mth_project\.venv\Lib\site-packages\statsmodels\tsa\base\tsa_model.py, Line: 473)
2025-09-08 14:46:16,066 - WARNING - ValueWarning: No frequency information was provided, so inferred frequency min will be used. (File: c:\ThesisWork\offical_approach\mth_project\.venv\Lib\site-packages\statsmodels\tsa\base\tsa_model.py, Line: 473)
2025-09-08 14:46:16,097 - WARNING - ValueWarning: No frequency information was provided, so inferred frequency min will be used. (File: c:\ThesisWork\offical_approach\mth_project\.venv\Lib\site-packages\statsmodels\tsa\base\tsa_model.py, Line: 473)
2025-09-08 14:46:16,128 - WARNING - ValueWarning: No frequency information was provided, so inferred frequency min will be used. (File: c:\ThesisWork\offical_approach\mth_project\.venv\Lib\site-packages\statsmodels\tsa\base\tsa_model.py, Line: 473)
2025-09-08 14:46:16,184 - WARNING - ValueWarning: No frequency information was provided, so inferred frequency min will be used. (File: c:\ThesisWork\offical_approach\mth_project\.venv\Lib\site-packages\statsmodels\tsa\base\tsa_model.py, Line: 473)
2025-09-08 14:46:16,232 - WARNING - ValueWarning: No frequency information was provided, so inferred frequency min will be used. (File: c:\ThesisWork\offical_approach\mth_project\.venv\Lib\site-packages\statsmodels\tsa\base\tsa_model.py, Line: 473)
2025-09-08 14:46:16,282 - WARNING - ValueWarning: No frequency information was provided, so inferred frequency min will be used. (File: c:\ThesisWork\offical_approach\mth_project\.venv\Lib\site-packages\statsmodels\tsa\base\tsa_model.py, Line: 473)
2025-09-08 14:46:16,348 - WARNING - ValueWarning: No frequency information was provided, so inferred frequency min will be used. (File: c:\ThesisWork\offical_approach\mth_project\.venv\Lib\site-packages\statsmodels\tsa\base\tsa_model.py, Line: 473)
2025-09-08 14:46:16,414 - WARNING - ValueWarning: No frequency information was provided, so inferred frequency min will be used. (File: c:\ThesisWork\offical_approach\mth_project\.venv\Lib\site-packages\statsmodels\tsa\base\tsa_model.py, Line: 473)
2025-09-08 14:46:16,484 - WARNING - ValueWarning: No frequency information was provided, so inferred frequency min will be used. (File: c:\ThesisWork\offical_approach\mth_project\.venv\Lib\site-packages\statsmodels\tsa\base\tsa_model.py, Line: 473)
2025-09-08 14:46:16,580 - WARNING - ValueWarning: No frequency information was provided, so inferred frequency min will be used. (File: c:\ThesisWork\offical_approach\mth_project\.venv\Lib\site-packages\statsmodels\tsa\base\tsa_model.py, Line: 473)
2025-09-08 14:46:16,685 - WARNING - ValueWarning: No frequency information was provided, so inferred frequency min will be used. (File: c:\ThesisWork\offical_approach\mth_project\.venv\Lib\site-packages\statsmodels\tsa\base\tsa_model.py, Line: 473)
2025-09-08 14:46:16,796 - WARNING - ValueWarning: No frequency information was provided, so inferred frequency min will be used. (File: c:\ThesisWork\offical_approach\mth_project\.venv\Lib\site-packages\statsmodels\tsa\base\tsa_model.py, Line: 473)
2025-09-08 14:46:16,915 - WARNING - ValueWarning: No frequency information was provided, so inferred frequency min will be used. (File: c:\ThesisWork\offical_approach\mth_project\.venv\Lib\site-packages\statsmodels\tsa\base\tsa_model.py, Line: 473)
2025-09-08 14:46:17,064 - WARNING - ValueWarning: No frequency information was provided, so inferred frequency min will be used. (File: c:\ThesisWork\offical_approach\mth_project\.venv\Lib\site-packages\statsmodels\tsa\base\tsa_model.py, Line: 473)
2025-09-08 14:46:17,247 - WARNING - ValueWarning: No frequency information was provided, so inferred frequency min will be used. (File: c:\ThesisWork\offical_approach\mth_project\.venv\Lib\site-packages\statsmodels\tsa\base\tsa_model.py, Line: 473)
2025-09-08 14:46:17,411 - WARNING - ValueWarning: No frequency information was provided, so inferred frequency min will be used. (File: c:\ThesisWork\offical_approach\mth_project\.venv\Lib\site-packages\statsmodels\tsa\base\tsa_model.py, Line: 473)
2025-09-08 14:46:17,650 - WARNING - ValueWarning: No frequency information was provided, so inferred frequency min will be used. (File: c:\ThesisWork\offical_approach\mth_project\.venv\Lib\site-packages\statsmodels\tsa\base\tsa_model.py, Line: 473)
2025-09-08 14:46:17,882 - WARNING - ValueWarning: No frequency information was provided, so inferred frequency min will be used. (File: c:\ThesisWork\offical_approach\mth_project\.venv\Lib\site-packages\statsmodels\tsa\base\tsa_model.py, Line: 473)
2025-09-08 14:46:18,161 - WARNING - ValueWarning: No frequency information was provided, so inferred frequency min will be used. (File: c:\ThesisWork\offical_approach\mth_project\.venv\Lib\site-packages\statsmodels\tsa\base\tsa_model.py, Line: 473)
2025-09-08 14:46:18,499 - WARNING - ValueWarning: No frequency information was provided, so inferred frequency min will be used. (File: c:\ThesisWork\offical_approach\mth_project\.venv\Lib\site-packages\statsmodels\tsa\base\tsa_model.py, Line: 473)
2025-09-08 14:46:18,848 - WARNING - ValueWarning: No frequency information was provided, so inferred frequency min will be used. (File: c:\ThesisWork\offical_approach\mth_project\.venv\Lib\site-packages\statsmodels\tsa\base\tsa_model.py, Line: 473)
2025-09-08 14:46:19,231 - WARNING - ValueWarning: No frequency information was provided, so inferred frequency min will be used. (File: c:\ThesisWork\offical_approach\mth_project\.venv\Lib\site-packages\statsmodels\tsa\base\tsa_model.py, Line: 473)
2025-09-08 14:46:19,643 - WARNING - ValueWarning: No frequency information was provided, so inferred frequency min will be used. (File: c:\ThesisWork\offical_approach\mth_project\.venv\Lib\site-packages\statsmodels\tsa\base\tsa_model.py, Line: 473)
2025-09-08 14:46:20,098 - WARNING - ValueWarning: No frequency information was provided, so inferred frequency min will be used. (File: c:\ThesisWork\offical_approach\mth_project\.venv\Lib\site-packages\statsmodels\tsa\base\tsa_model.py, Line: 473)
2025-09-08 14:46:20,648 - WARNING - ValueWarning: No frequency information was provided, so inferred frequency min will be used. (File: c:\ThesisWork\offical_approach\mth_project\.venv\Lib\site-packages\statsmodels\tsa\base\tsa_model.py, Line: 473)
2025-09-08 14:46:21,257 - WARNING - ValueWarning: No frequency information was provided, so inferred frequency min will be used. (File: c:\ThesisWork\offical_approach\mth_project\.venv\Lib\site-packages\statsmodels\tsa\base\tsa_model.py, Line: 473)
2025-09-08 14:46:21,875 - WARNING - ValueWarning: No frequency information was provided, so inferred frequency min will be used. (File: c:\ThesisWork\offical_approach\mth_project\.venv\Lib\site-packages\statsmodels\tsa\base\tsa_model.py, Line: 473)
2025-09-08 14:46:22,549 - WARNING - ValueWarning: No frequency information was provided, so inferred frequency min will be used. (File: c:\ThesisWork\offical_approach\mth_project\.venv\Lib\site-packages\statsmodels\tsa\base\tsa_model.py, Line: 473)
2025-09-08 14:46:22,560 - WARNING - ValueWarning: No frequency information was provided, so inferred frequency min will be used. (File: c:\ThesisWork\offical_approach\mth_project\.venv\Lib\site-packages\statsmodels\tsa\base\tsa_model.py, Line: 473)
2025-09-08 14:46:22,562 - WARNING - ValueWarning: No frequency information was provided, so inferred frequency min will be used. (File: c:\ThesisWork\offical_approach\mth_project\.venv\Lib\site-packages\statsmodels\tsa\base\tsa_model.py, Line: 473)
2025-09-08 14:46:22,574 - WARNING - ValueWarning: No frequency information was provided, so inferred frequency min will be used. (File: c:\ThesisWork\offical_approach\mth_project\.venv\Lib\site-packages\statsmodels\tsa\base\tsa_model.py, Line: 473)
2025-09-08 14:46:22,608 - WARNING - ValueWarning: No frequency information was provided, so inferred frequency min will be used. (File: c:\ThesisWork\offical_approach\mth_project\.venv\Lib\site-packages\statsmodels\tsa\base\tsa_model.py, Line: 473)
2025-09-08 14:46:22,641 - WARNING - ValueWarning: No frequency information was provided, so inferred frequency min will be used. (File: c:\ThesisWork\offical_approach\mth_project\.venv\Lib\site-packages\statsmodels\tsa\base\tsa_model.py, Line: 473)
2025-09-08 14:46:22,676 - WARNING - ValueWarning: No frequency information was provided, so inferred frequency min will be used. (File: c:\ThesisWork\offical_approach\mth_project\.venv\Lib\site-packages\statsmodels\tsa\base\tsa_model.py, Line: 473)
2025-09-08 14:46:22,741 - WARNING - ValueWarning: No frequency information was provided, so inferred frequency min will be used. (File: c:\ThesisWork\offical_approach\mth_project\.venv\Lib\site-packages\statsmodels\tsa\base\tsa_model.py, Line: 473)
2025-09-08 14:46:22,791 - WARNING - ValueWarning: No frequency information was provided, so inferred frequency min will be used. (File: c:\ThesisWork\offical_approach\mth_project\.venv\Lib\site-packages\statsmodels\tsa\base\tsa_model.py, Line: 473)
2025-09-08 14:46:22,858 - WARNING - ValueWarning: No frequency information was provided, so inferred frequency min will be used. (File: c:\ThesisWork\offical_approach\mth_project\.venv\Lib\site-packages\statsmodels\tsa\base\tsa_model.py, Line: 473)
2025-09-08 14:46:22,937 - WARNING - ValueWarning: No frequency information was provided, so inferred frequency min will be used. (File: c:\ThesisWork\offical_approach\mth_project\.venv\Lib\site-packages\statsmodels\tsa\base\tsa_model.py, Line: 473)
2025-09-08 14:46:23,014 - WARNING - ValueWarning: No frequency information was provided, so inferred frequency min will be used. (File: c:\ThesisWork\offical_approach\mth_project\.venv\Lib\site-packages\statsmodels\tsa\base\tsa_model.py, Line: 473)
2025-09-08 14:46:23,135 - WARNING - ValueWarning: No frequency information was provided, so inferred frequency min will be used. (File: c:\ThesisWork\offical_approach\mth_project\.venv\Lib\site-packages\statsmodels\tsa\base\tsa_model.py, Line: 473)
2025-09-08 14:46:23,240 - WARNING - ValueWarning: No frequency information was provided, so inferred frequency min will be used. (File: c:\ThesisWork\offical_approach\mth_project\.venv\Lib\site-packages\statsmodels\tsa\base\tsa_model.py, Line: 473)
2025-09-08 14:46:23,379 - WARNING - ValueWarning: No frequency information was provided, so inferred frequency min will be used. (File: c:\ThesisWork\offical_approach\mth_project\.venv\Lib\site-packages\statsmodels\tsa\base\tsa_model.py, Line: 473)
2025-09-08 14:46:23,529 - WARNING - ValueWarning: No frequency information was provided, so inferred frequency min will be used. (File: c:\ThesisWork\offical_approach\mth_project\.venv\Lib\site-packages\statsmodels\tsa\base\tsa_model.py, Line: 473)
2025-09-08 14:46:23,707 - WARNING - ValueWarning: No frequency information was provided, so inferred frequency min will be used. (File: c:\ThesisWork\offical_approach\mth_project\.venv\Lib\site-packages\statsmodels\tsa\base\tsa_model.py, Line: 473)
2025-09-08 14:46:23,890 - WARNING - ValueWarning: No frequency information was provided, so inferred frequency min will be used. (File: c:\ThesisWork\offical_approach\mth_project\.venv\Lib\site-packages\statsmodels\tsa\base\tsa_model.py, Line: 473)
2025-09-08 14:46:24,090 - WARNING - ValueWarning: No frequency information was provided, so inferred frequency min will be used. (File: c:\ThesisWork\offical_approach\mth_project\.venv\Lib\site-packages\statsmodels\tsa\base\tsa_model.py, Line: 473)
2025-09-08 14:46:24,322 - WARNING - ValueWarning: No frequency information was provided, so inferred frequency min will be used. (File: c:\ThesisWork\offical_approach\mth_project\.venv\Lib\site-packages\statsmodels\tsa\base\tsa_model.py, Line: 473)
2025-09-08 14:46:24,580 - WARNING - ValueWarning: No frequency information was provided, so inferred frequency min will be used. (File: c:\ThesisWork\offical_approach\mth_project\.venv\Lib\site-packages\statsmodels\tsa\base\tsa_model.py, Line: 473)
2025-09-08 14:46:24,928 - WARNING - ValueWarning: No frequency information was provided, so inferred frequency min will be used. (File: c:\ThesisWork\offical_approach\mth_project\.venv\Lib\site-packages\statsmodels\tsa\base\tsa_model.py, Line: 473)
2025-09-08 14:46:25,339 - WARNING - ValueWarning: No frequency information was provided, so inferred frequency min will be used. (File: c:\ThesisWork\offical_approach\mth_project\.venv\Lib\site-packages\statsmodels\tsa\base\tsa_model.py, Line: 473)
2025-09-08 14:46:25,746 - WARNING - ValueWarning: No frequency information was provided, so inferred frequency min will be used. (File: c:\ThesisWork\offical_approach\mth_project\.venv\Lib\site-packages\statsmodels\tsa\base\tsa_model.py, Line: 473)
2025-09-08 14:46:26,172 - WARNING - ValueWarning: No frequency information was provided, so inferred frequency min will be used. (File: c:\ThesisWork\offical_approach\mth_project\.venv\Lib\site-packages\statsmodels\tsa\base\tsa_model.py, Line: 473)
2025-09-08 14:46:26,621 - WARNING - ValueWarning: No frequency information was provided, so inferred frequency min will be used. (File: c:\ThesisWork\offical_approach\mth_project\.venv\Lib\site-packages\statsmodels\tsa\base\tsa_model.py, Line: 473)
2025-09-08 14:46:27,120 - WARNING - ValueWarning: No frequency information was provided, so inferred frequency min will be used. (File: c:\ThesisWork\offical_approach\mth_project\.venv\Lib\site-packages\statsmodels\tsa\base\tsa_model.py, Line: 473)
2025-09-08 14:46:28,033 - WARNING - ValueWarning: No frequency information was provided, so inferred frequency min will be used. (File: c:\ThesisWork\offical_approach\mth_project\.venv\Lib\site-packages\statsmodels\tsa\base\tsa_model.py, Line: 473)
2025-09-08 14:46:28,919 - WARNING - ValueWarning: No frequency information was provided, so inferred frequency min will be used. (File: c:\ThesisWork\offical_approach\mth_project\.venv\Lib\site-packages\statsmodels\tsa\base\tsa_model.py, Line: 473)
2025-09-08 14:46:29,755 - WARNING - ValueWarning: No frequency information was provided, so inferred frequency min will be used. (File: c:\ThesisWork\offical_approach\mth_project\.venv\Lib\site-packages\statsmodels\tsa\base\tsa_model.py, Line: 473)
2025-09-08 14:46:30,567 - WARNING - ValueWarning: No frequency information was provided, so inferred frequency min will be used. (File: c:\ThesisWork\offical_approach\mth_project\.venv\Lib\site-packages\statsmodels\tsa\base\tsa_model.py, Line: 473)
2025-09-08 14:46:30,568 - WARNING - ValueWarning: No frequency information was provided, so inferred frequency min will be used. (File: c:\ThesisWork\offical_approach\mth_project\.venv\Lib\site-packages\statsmodels\tsa\base\tsa_model.py, Line: 473)
2025-09-08 14:46:30,568 - WARNING - ValueWarning: No frequency information was provided, so inferred frequency min will be used. (File: c:\ThesisWork\offical_approach\mth_project\.venv\Lib\site-packages\statsmodels\tsa\base\tsa_model.py, Line: 473)
2025-09-08 14:46:30,593 - WARNING - ValueWarning: No frequency information was provided, so inferred frequency min will be used. (File: c:\ThesisWork\offical_approach\mth_project\.venv\Lib\site-packages\statsmodels\tsa\base\tsa_model.py, Line: 473)
2025-09-08 14:46:30,618 - WARNING - ValueWarning: No frequency information was provided, so inferred frequency min will be used. (File: c:\ThesisWork\offical_approach\mth_project\.venv\Lib\site-packages\statsmodels\tsa\base\tsa_model.py, Line: 473)
2025-09-08 14:46:30,657 - WARNING - ValueWarning: No frequency information was provided, so inferred frequency min will be used. (File: c:\ThesisWork\offical_approach\mth_project\.venv\Lib\site-packages\statsmodels\tsa\base\tsa_model.py, Line: 473)
2025-09-08 14:46:30,699 - WARNING - ValueWarning: No frequency information was provided, so inferred frequency min will be used. (File: c:\ThesisWork\offical_approach\mth_project\.venv\Lib\site-packages\statsmodels\tsa\base\tsa_model.py, Line: 473)
2025-09-08 14:46:30,735 - WARNING - ValueWarning: No frequency information was provided, so inferred frequency min will be used. (File: c:\ThesisWork\offical_approach\mth_project\.venv\Lib\site-packages\statsmodels\tsa\base\tsa_model.py, Line: 473)
2025-09-08 14:46:30,801 - WARNING - ValueWarning: No frequency information was provided, so inferred frequency min will be used. (File: c:\ThesisWork\offical_approach\mth_project\.venv\Lib\site-packages\statsmodels\tsa\base\tsa_model.py, Line: 473)
2025-09-08 14:46:30,868 - WARNING - ValueWarning: No frequency information was provided, so inferred frequency min will be used. (File: c:\ThesisWork\offical_approach\mth_project\.venv\Lib\site-packages\statsmodels\tsa\base\tsa_model.py, Line: 473)
2025-09-08 14:46:30,934 - WARNING - ValueWarning: No frequency information was provided, so inferred frequency min will be used. (File: c:\ThesisWork\offical_approach\mth_project\.venv\Lib\site-packages\statsmodels\tsa\base\tsa_model.py, Line: 473)
2025-09-08 14:46:31,029 - WARNING - ValueWarning: No frequency information was provided, so inferred frequency min will be used. (File: c:\ThesisWork\offical_approach\mth_project\.venv\Lib\site-packages\statsmodels\tsa\base\tsa_model.py, Line: 473)
2025-09-08 14:46:31,136 - WARNING - ValueWarning: No frequency information was provided, so inferred frequency min will be used. (File: c:\ThesisWork\offical_approach\mth_project\.venv\Lib\site-packages\statsmodels\tsa\base\tsa_model.py, Line: 473)
2025-09-08 14:46:31,271 - WARNING - ValueWarning: No frequency information was provided, so inferred frequency min will be used. (File: c:\ThesisWork\offical_approach\mth_project\.venv\Lib\site-packages\statsmodels\tsa\base\tsa_model.py, Line: 473)
2025-09-08 14:46:31,525 - WARNING - ValueWarning: No frequency information was provided, so inferred frequency min will be used. (File: c:\ThesisWork\offical_approach\mth_project\.venv\Lib\site-packages\statsmodels\tsa\base\tsa_model.py, Line: 473)
2025-09-08 14:46:31,785 - WARNING - ValueWarning: No frequency information was provided, so inferred frequency min will be used. (File: c:\ThesisWork\offical_approach\mth_project\.venv\Lib\site-packages\statsmodels\tsa\base\tsa_model.py, Line: 473)
2025-09-08 14:46:32,044 - WARNING - ValueWarning: No frequency information was provided, so inferred frequency min will be used. (File: c:\ThesisWork\offical_approach\mth_project\.venv\Lib\site-packages\statsmodels\tsa\base\tsa_model.py, Line: 473)
2025-09-08 14:46:32,302 - WARNING - ValueWarning: No frequency information was provided, so inferred frequency min will be used. (File: c:\ThesisWork\offical_approach\mth_project\.venv\Lib\site-packages\statsmodels\tsa\base\tsa_model.py, Line: 473)
2025-09-08 14:46:32,606 - WARNING - ValueWarning: No frequency information was provided, so inferred frequency min will be used. (File: c:\ThesisWork\offical_approach\mth_project\.venv\Lib\site-packages\statsmodels\tsa\base\tsa_model.py, Line: 473)
2025-09-08 14:46:33,223 - WARNING - ValueWarning: No frequency information was provided, so inferred frequency min will be used. (File: c:\ThesisWork\offical_approach\mth_project\.venv\Lib\site-packages\statsmodels\tsa\base\tsa_model.py, Line: 473)
2025-09-08 14:46:33,807 - WARNING - ValueWarning: No frequency information was provided, so inferred frequency min will be used. (File: c:\ThesisWork\offical_approach\mth_project\.venv\Lib\site-packages\statsmodels\tsa\base\tsa_model.py, Line: 473)
2025-09-08 14:46:34,248 - WARNING - ValueWarning: No frequency information was provided, so inferred frequency min will be used. (File: c:\ThesisWork\offical_approach\mth_project\.venv\Lib\site-packages\statsmodels\tsa\base\tsa_model.py, Line: 473)
2025-09-08 14:46:34,681 - WARNING - ValueWarning: No frequency information was provided, so inferred frequency min will be used. (File: c:\ThesisWork\offical_approach\mth_project\.venv\Lib\site-packages\statsmodels\tsa\base\tsa_model.py, Line: 473)
2025-09-08 14:46:35,220 - WARNING - ValueWarning: No frequency information was provided, so inferred frequency min will be used. (File: c:\ThesisWork\offical_approach\mth_project\.venv\Lib\site-packages\statsmodels\tsa\base\tsa_model.py, Line: 473)
2025-09-08 14:46:35,759 - WARNING - ValueWarning: No frequency information was provided, so inferred frequency min will be used. (File: c:\ThesisWork\offical_approach\mth_project\.venv\Lib\site-packages\statsmodels\tsa\base\tsa_model.py, Line: 473)
2025-09-08 14:46:36,490 - WARNING - ValueWarning: No frequency information was provided, so inferred frequency min will be used. (File: c:\ThesisWork\offical_approach\mth_project\.venv\Lib\site-packages\statsmodels\tsa\base\tsa_model.py, Line: 473)
2025-09-08 14:46:38,563 - WARNING - ValueWarning: No frequency information was provided, so inferred frequency min will be used. (File: c:\ThesisWork\offical_approach\mth_project\.venv\Lib\site-packages\statsmodels\tsa\base\tsa_model.py, Line: 473)
2025-09-08 14:46:39,830 - WARNING - ValueWarning: No frequency information was provided, so inferred frequency min will be used. (File: c:\ThesisWork\offical_approach\mth_project\.venv\Lib\site-packages\statsmodels\tsa\base\tsa_model.py, Line: 473)
2025-09-08 14:46:41,530 - WARNING - ValueWarning: No frequency information was provided, so inferred frequency min will be used. (File: c:\ThesisWork\offical_approach\mth_project\.venv\Lib\site-packages\statsmodels\tsa\base\tsa_model.py, Line: 473)
2025-09-08 14:46:42,360 - WARNING - ValueWarning: No frequency information was provided, so inferred frequency min will be used. (File: c:\ThesisWork\offical_approach\mth_project\.venv\Lib\site-packages\statsmodels\tsa\base\tsa_model.py, Line: 473)
2025-09-08 14:47:40,675 - WARNING - ValueWarning: No frequency information was provided, so inferred frequency min will be used. (File: c:\ThesisWork\offical_approach\mth_project\.venv\Lib\site-packages\statsmodels\tsa\base\tsa_model.py, Line: 473)
2025-09-08 14:47:40,679 - WARNING - ValueWarning: No frequency information was provided, so inferred frequency min will be used. (File: c:\ThesisWork\offical_approach\mth_project\.venv\Lib\site-packages\statsmodels\tsa\base\tsa_model.py, Line: 473)
2025-09-08 14:47:40,685 - WARNING - ValueWarning: No frequency information was provided, so inferred frequency min will be used. (File: c:\ThesisWork\offical_approach\mth_project\.venv\Lib\site-packages\statsmodels\tsa\base\tsa_model.py, Line: 473)
2025-09-08 14:47:40,707 - WARNING - ValueWarning: No frequency information was provided, so inferred frequency min will be used. (File: c:\ThesisWork\offical_approach\mth_project\.venv\Lib\site-packages\statsmodels\tsa\base\tsa_model.py, Line: 473)
2025-09-08 14:47:40,740 - WARNING - ValueWarning: No frequency information was provided, so inferred frequency min will be used. (File: c:\ThesisWork\offical_approach\mth_project\.venv\Lib\site-packages\statsmodels\tsa\base\tsa_model.py, Line: 473)
2025-09-08 14:47:40,780 - WARNING - ValueWarning: No frequency information was provided, so inferred frequency min will be used. (File: c:\ThesisWork\offical_approach\mth_project\.venv\Lib\site-packages\statsmodels\tsa\base\tsa_model.py, Line: 473)
2025-09-08 14:47:40,815 - WARNING - ValueWarning: No frequency information was provided, so inferred frequency min will be used. (File: c:\ThesisWork\offical_approach\mth_project\.venv\Lib\site-packages\statsmodels\tsa\base\tsa_model.py, Line: 473)
2025-09-08 14:47:40,862 - WARNING - ValueWarning: No frequency information was provided, so inferred frequency min will be used. (File: c:\ThesisWork\offical_approach\mth_project\.venv\Lib\site-packages\statsmodels\tsa\base\tsa_model.py, Line: 473)
2025-09-08 14:47:40,941 - WARNING - ValueWarning: No frequency information was provided, so inferred frequency min will be used. (File: c:\ThesisWork\offical_approach\mth_project\.venv\Lib\site-packages\statsmodels\tsa\base\tsa_model.py, Line: 473)
2025-09-08 14:47:41,019 - WARNING - ValueWarning: No frequency information was provided, so inferred frequency min will be used. (File: c:\ThesisWork\offical_approach\mth_project\.venv\Lib\site-packages\statsmodels\tsa\base\tsa_model.py, Line: 473)
2025-09-08 14:47:41,113 - WARNING - ValueWarning: No frequency information was provided, so inferred frequency min will be used. (File: c:\ThesisWork\offical_approach\mth_project\.venv\Lib\site-packages\statsmodels\tsa\base\tsa_model.py, Line: 473)
2025-09-08 14:47:41,238 - WARNING - ValueWarning: No frequency information was provided, so inferred frequency min will be used. (File: c:\ThesisWork\offical_approach\mth_project\.venv\Lib\site-packages\statsmodels\tsa\base\tsa_model.py, Line: 473)
2025-09-08 14:47:41,373 - WARNING - ValueWarning: No frequency information was provided, so inferred frequency min will be used. (File: c:\ThesisWork\offical_approach\mth_project\.venv\Lib\site-packages\statsmodels\tsa\base\tsa_model.py, Line: 473)
2025-09-08 14:47:41,558 - WARNING - ValueWarning: No frequency information was provided, so inferred frequency min will be used. (File: c:\ThesisWork\offical_approach\mth_project\.venv\Lib\site-packages\statsmodels\tsa\base\tsa_model.py, Line: 473)
2025-09-08 14:47:41,754 - WARNING - ValueWarning: No frequency information was provided, so inferred frequency min will be used. (File: c:\ThesisWork\offical_approach\mth_project\.venv\Lib\site-packages\statsmodels\tsa\base\tsa_model.py, Line: 473)
2025-09-08 14:47:41,998 - WARNING - ValueWarning: No frequency information was provided, so inferred frequency min will be used. (File: c:\ThesisWork\offical_approach\mth_project\.venv\Lib\site-packages\statsmodels\tsa\base\tsa_model.py, Line: 473)
2025-09-08 14:47:42,246 - WARNING - ValueWarning: No frequency information was provided, so inferred frequency min will be used. (File: c:\ThesisWork\offical_approach\mth_project\.venv\Lib\site-packages\statsmodels\tsa\base\tsa_model.py, Line: 473)
2025-09-08 14:47:42,550 - WARNING - ValueWarning: No frequency information was provided, so inferred frequency min will be used. (File: c:\ThesisWork\offical_approach\mth_project\.venv\Lib\site-packages\statsmodels\tsa\base\tsa_model.py, Line: 473)
2025-09-08 14:47:42,889 - WARNING - ValueWarning: No frequency information was provided, so inferred frequency min will be used. (File: c:\ThesisWork\offical_approach\mth_project\.venv\Lib\site-packages\statsmodels\tsa\base\tsa_model.py, Line: 473)
2025-09-08 14:47:43,223 - WARNING - ValueWarning: No frequency information was provided, so inferred frequency min will be used. (File: c:\ThesisWork\offical_approach\mth_project\.venv\Lib\site-packages\statsmodels\tsa\base\tsa_model.py, Line: 473)
2025-09-08 14:47:43,547 - WARNING - ValueWarning: No frequency information was provided, so inferred frequency min will be used. (File: c:\ThesisWork\offical_approach\mth_project\.venv\Lib\site-packages\statsmodels\tsa\base\tsa_model.py, Line: 473)
2025-09-08 14:47:43,893 - WARNING - ValueWarning: No frequency information was provided, so inferred frequency min will be used. (File: c:\ThesisWork\offical_approach\mth_project\.venv\Lib\site-packages\statsmodels\tsa\base\tsa_model.py, Line: 473)
2025-09-08 14:47:44,292 - WARNING - ValueWarning: No frequency information was provided, so inferred frequency min will be used. (File: c:\ThesisWork\offical_approach\mth_project\.venv\Lib\site-packages\statsmodels\tsa\base\tsa_model.py, Line: 473)
2025-09-08 14:47:44,724 - WARNING - ValueWarning: No frequency information was provided, so inferred frequency min will be used. (File: c:\ThesisWork\offical_approach\mth_project\.venv\Lib\site-packages\statsmodels\tsa\base\tsa_model.py, Line: 473)
2025-09-08 14:47:45,197 - WARNING - ValueWarning: No frequency information was provided, so inferred frequency min will be used. (File: c:\ThesisWork\offical_approach\mth_project\.venv\Lib\site-packages\statsmodels\tsa\base\tsa_model.py, Line: 473)
2025-09-08 14:47:45,729 - WARNING - ValueWarning: No frequency information was provided, so inferred frequency min will be used. (File: c:\ThesisWork\offical_approach\mth_project\.venv\Lib\site-packages\statsmodels\tsa\base\tsa_model.py, Line: 473)
2025-09-08 14:47:46,243 - WARNING - ValueWarning: No frequency information was provided, so inferred frequency min will be used. (File: c:\ThesisWork\offical_approach\mth_project\.venv\Lib\site-packages\statsmodels\tsa\base\tsa_model.py, Line: 473)
2025-09-08 14:47:46,847 - WARNING - ValueWarning: No frequency information was provided, so inferred frequency min will be used. (File: c:\ThesisWork\offical_approach\mth_project\.venv\Lib\site-packages\statsmodels\tsa\base\tsa_model.py, Line: 473)
2025-09-08 14:47:47,538 - WARNING - ValueWarning: No frequency information was provided, so inferred frequency min will be used. (File: c:\ThesisWork\offical_approach\mth_project\.venv\Lib\site-packages\statsmodels\tsa\base\tsa_model.py, Line: 473)
2025-09-08 14:47:48,322 - WARNING - ValueWarning: No frequency information was provided, so inferred frequency min will be used. (File: c:\ThesisWork\offical_approach\mth_project\.venv\Lib\site-packages\statsmodels\tsa\base\tsa_model.py, Line: 473)
2025-09-08 14:47:49,122 - WARNING - ValueWarning: No frequency information was provided, so inferred frequency min will be used. (File: c:\ThesisWork\offical_approach\mth_project\.venv\Lib\site-packages\statsmodels\tsa\base\tsa_model.py, Line: 473)
2025-09-08 14:47:49,136 - WARNING - ValueWarning: No frequency information was provided, so inferred frequency min will be used. (File: c:\ThesisWork\offical_approach\mth_project\.venv\Lib\site-packages\statsmodels\tsa\base\tsa_model.py, Line: 473)
2025-09-08 14:47:49,139 - WARNING - ValueWarning: No frequency information was provided, so inferred frequency min will be used. (File: c:\ThesisWork\offical_approach\mth_project\.venv\Lib\site-packages\statsmodels\tsa\base\tsa_model.py, Line: 473)
2025-09-08 14:47:49,156 - WARNING - ValueWarning: No frequency information was provided, so inferred frequency min will be used. (File: c:\ThesisWork\offical_approach\mth_project\.venv\Lib\site-packages\statsmodels\tsa\base\tsa_model.py, Line: 473)
2025-09-08 14:47:49,190 - WARNING - ValueWarning: No frequency information was provided, so inferred frequency min will be used. (File: c:\ThesisWork\offical_approach\mth_project\.venv\Lib\site-packages\statsmodels\tsa\base\tsa_model.py, Line: 473)
2025-09-08 14:47:49,221 - WARNING - ValueWarning: No frequency information was provided, so inferred frequency min will be used. (File: c:\ThesisWork\offical_approach\mth_project\.venv\Lib\site-packages\statsmodels\tsa\base\tsa_model.py, Line: 473)
2025-09-08 14:47:49,256 - WARNING - ValueWarning: No frequency information was provided, so inferred frequency min will be used. (File: c:\ThesisWork\offical_approach\mth_project\.venv\Lib\site-packages\statsmodels\tsa\base\tsa_model.py, Line: 473)
2025-09-08 14:47:49,304 - WARNING - ValueWarning: No frequency information was provided, so inferred frequency min will be used. (File: c:\ThesisWork\offical_approach\mth_project\.venv\Lib\site-packages\statsmodels\tsa\base\tsa_model.py, Line: 473)
2025-09-08 14:47:49,366 - WARNING - ValueWarning: No frequency information was provided, so inferred frequency min will be used. (File: c:\ThesisWork\offical_approach\mth_project\.venv\Lib\site-packages\statsmodels\tsa\base\tsa_model.py, Line: 473)
2025-09-08 14:47:49,443 - WARNING - ValueWarning: No frequency information was provided, so inferred frequency min will be used. (File: c:\ThesisWork\offical_approach\mth_project\.venv\Lib\site-packages\statsmodels\tsa\base\tsa_model.py, Line: 473)
2025-09-08 14:47:49,517 - WARNING - ValueWarning: No frequency information was provided, so inferred frequency min will be used. (File: c:\ThesisWork\offical_approach\mth_project\.venv\Lib\site-packages\statsmodels\tsa\base\tsa_model.py, Line: 473)
2025-09-08 14:47:49,619 - WARNING - ValueWarning: No frequency information was provided, so inferred frequency min will be used. (File: c:\ThesisWork\offical_approach\mth_project\.venv\Lib\site-packages\statsmodels\tsa\base\tsa_model.py, Line: 473)
2025-09-08 14:47:49,737 - WARNING - ValueWarning: No frequency information was provided, so inferred frequency min will be used. (File: c:\ThesisWork\offical_approach\mth_project\.venv\Lib\site-packages\statsmodels\tsa\base\tsa_model.py, Line: 473)
2025-09-08 14:47:49,865 - WARNING - ValueWarning: No frequency information was provided, so inferred frequency min will be used. (File: c:\ThesisWork\offical_approach\mth_project\.venv\Lib\site-packages\statsmodels\tsa\base\tsa_model.py, Line: 473)
2025-09-08 14:47:50,020 - WARNING - ValueWarning: No frequency information was provided, so inferred frequency min will be used. (File: c:\ThesisWork\offical_approach\mth_project\.venv\Lib\site-packages\statsmodels\tsa\base\tsa_model.py, Line: 473)
2025-09-08 14:47:50,229 - WARNING - ValueWarning: No frequency information was provided, so inferred frequency min will be used. (File: c:\ThesisWork\offical_approach\mth_project\.venv\Lib\site-packages\statsmodels\tsa\base\tsa_model.py, Line: 473)
2025-09-08 14:47:50,483 - WARNING - ValueWarning: No frequency information was provided, so inferred frequency min will be used. (File: c:\ThesisWork\offical_approach\mth_project\.venv\Lib\site-packages\statsmodels\tsa\base\tsa_model.py, Line: 473)
2025-09-08 14:47:50,706 - WARNING - ValueWarning: No frequency information was provided, so inferred frequency min will be used. (File: c:\ThesisWork\offical_approach\mth_project\.venv\Lib\site-packages\statsmodels\tsa\base\tsa_model.py, Line: 473)
2025-09-08 14:47:50,944 - WARNING - ValueWarning: No frequency information was provided, so inferred frequency min will be used. (File: c:\ThesisWork\offical_approach\mth_project\.venv\Lib\site-packages\statsmodels\tsa\base\tsa_model.py, Line: 473)
2025-09-08 14:47:51,222 - WARNING - ValueWarning: No frequency information was provided, so inferred frequency min will be used. (File: c:\ThesisWork\offical_approach\mth_project\.venv\Lib\site-packages\statsmodels\tsa\base\tsa_model.py, Line: 473)
2025-09-08 14:47:51,554 - WARNING - ValueWarning: No frequency information was provided, so inferred frequency min will be used. (File: c:\ThesisWork\offical_approach\mth_project\.venv\Lib\site-packages\statsmodels\tsa\base\tsa_model.py, Line: 473)
2025-09-08 14:47:51,890 - WARNING - ValueWarning: No frequency information was provided, so inferred frequency min will be used. (File: c:\ThesisWork\offical_approach\mth_project\.venv\Lib\site-packages\statsmodels\tsa\base\tsa_model.py, Line: 473)
2025-09-08 14:47:52,236 - WARNING - ValueWarning: No frequency information was provided, so inferred frequency min will be used. (File: c:\ThesisWork\offical_approach\mth_project\.venv\Lib\site-packages\statsmodels\tsa\base\tsa_model.py, Line: 473)
2025-09-08 14:47:52,622 - WARNING - ValueWarning: No frequency information was provided, so inferred frequency min will be used. (File: c:\ThesisWork\offical_approach\mth_project\.venv\Lib\site-packages\statsmodels\tsa\base\tsa_model.py, Line: 473)
2025-09-08 14:47:53,040 - WARNING - ValueWarning: No frequency information was provided, so inferred frequency min will be used. (File: c:\ThesisWork\offical_approach\mth_project\.venv\Lib\site-packages\statsmodels\tsa\base\tsa_model.py, Line: 473)
2025-09-08 14:47:53,518 - WARNING - ValueWarning: No frequency information was provided, so inferred frequency min will be used. (File: c:\ThesisWork\offical_approach\mth_project\.venv\Lib\site-packages\statsmodels\tsa\base\tsa_model.py, Line: 473)
2025-09-08 14:47:54,051 - WARNING - ValueWarning: No frequency information was provided, so inferred frequency min will be used. (File: c:\ThesisWork\offical_approach\mth_project\.venv\Lib\site-packages\statsmodels\tsa\base\tsa_model.py, Line: 473)
2025-09-08 14:47:54,670 - WARNING - ValueWarning: No frequency information was provided, so inferred frequency min will be used. (File: c:\ThesisWork\offical_approach\mth_project\.venv\Lib\site-packages\statsmodels\tsa\base\tsa_model.py, Line: 473)
2025-09-08 14:47:55,356 - WARNING - ValueWarning: No frequency information was provided, so inferred frequency min will be used. (File: c:\ThesisWork\offical_approach\mth_project\.venv\Lib\site-packages\statsmodels\tsa\base\tsa_model.py, Line: 473)
2025-09-08 14:47:56,220 - WARNING - ValueWarning: No frequency information was provided, so inferred frequency min will be used. (File: c:\ThesisWork\offical_approach\mth_project\.venv\Lib\site-packages\statsmodels\tsa\base\tsa_model.py, Line: 473)
2025-09-08 14:47:57,169 - WARNING - ValueWarning: No frequency information was provided, so inferred frequency min will be used. (File: c:\ThesisWork\offical_approach\mth_project\.venv\Lib\site-packages\statsmodels\tsa\base\tsa_model.py, Line: 473)
2025-09-08 14:47:57,181 - WARNING - ValueWarning: No frequency information was provided, so inferred frequency min will be used. (File: c:\ThesisWork\offical_approach\mth_project\.venv\Lib\site-packages\statsmodels\tsa\base\tsa_model.py, Line: 473)
2025-09-08 14:47:57,185 - WARNING - ValueWarning: No frequency information was provided, so inferred frequency min will be used. (File: c:\ThesisWork\offical_approach\mth_project\.venv\Lib\site-packages\statsmodels\tsa\base\tsa_model.py, Line: 473)
2025-09-08 14:47:57,208 - WARNING - ValueWarning: No frequency information was provided, so inferred frequency min will be used. (File: c:\ThesisWork\offical_approach\mth_project\.venv\Lib\site-packages\statsmodels\tsa\base\tsa_model.py, Line: 473)
2025-09-08 14:47:57,236 - WARNING - ValueWarning: No frequency information was provided, so inferred frequency min will be used. (File: c:\ThesisWork\offical_approach\mth_project\.venv\Lib\site-packages\statsmodels\tsa\base\tsa_model.py, Line: 473)
2025-09-08 14:47:57,280 - WARNING - ValueWarning: No frequency information was provided, so inferred frequency min will be used. (File: c:\ThesisWork\offical_approach\mth_project\.venv\Lib\site-packages\statsmodels\tsa\base\tsa_model.py, Line: 473)
2025-09-08 14:47:57,336 - WARNING - ValueWarning: No frequency information was provided, so inferred frequency min will be used. (File: c:\ThesisWork\offical_approach\mth_project\.venv\Lib\site-packages\statsmodels\tsa\base\tsa_model.py, Line: 473)
2025-09-08 14:47:57,386 - WARNING - ValueWarning: No frequency information was provided, so inferred frequency min will be used. (File: c:\ThesisWork\offical_approach\mth_project\.venv\Lib\site-packages\statsmodels\tsa\base\tsa_model.py, Line: 473)
2025-09-08 14:47:57,466 - WARNING - ValueWarning: No frequency information was provided, so inferred frequency min will be used. (File: c:\ThesisWork\offical_approach\mth_project\.venv\Lib\site-packages\statsmodels\tsa\base\tsa_model.py, Line: 473)
2025-09-08 14:47:57,543 - WARNING - ValueWarning: No frequency information was provided, so inferred frequency min will be used. (File: c:\ThesisWork\offical_approach\mth_project\.venv\Lib\site-packages\statsmodels\tsa\base\tsa_model.py, Line: 473)
2025-09-08 14:47:57,629 - WARNING - ValueWarning: No frequency information was provided, so inferred frequency min will be used. (File: c:\ThesisWork\offical_approach\mth_project\.venv\Lib\site-packages\statsmodels\tsa\base\tsa_model.py, Line: 473)
2025-09-08 14:47:57,724 - WARNING - ValueWarning: No frequency information was provided, so inferred frequency min will be used. (File: c:\ThesisWork\offical_approach\mth_project\.venv\Lib\site-packages\statsmodels\tsa\base\tsa_model.py, Line: 473)
2025-09-08 14:47:57,854 - WARNING - ValueWarning: No frequency information was provided, so inferred frequency min will be used. (File: c:\ThesisWork\offical_approach\mth_project\.venv\Lib\site-packages\statsmodels\tsa\base\tsa_model.py, Line: 473)
2025-09-08 14:47:57,965 - WARNING - ValueWarning: No frequency information was provided, so inferred frequency min will be used. (File: c:\ThesisWork\offical_approach\mth_project\.venv\Lib\site-packages\statsmodels\tsa\base\tsa_model.py, Line: 473)
2025-09-08 14:47:58,103 - WARNING - ValueWarning: No frequency information was provided, so inferred frequency min will be used. (File: c:\ThesisWork\offical_approach\mth_project\.venv\Lib\site-packages\statsmodels\tsa\base\tsa_model.py, Line: 473)
2025-09-08 14:47:58,252 - WARNING - ValueWarning: No frequency information was provided, so inferred frequency min will be used. (File: c:\ThesisWork\offical_approach\mth_project\.venv\Lib\site-packages\statsmodels\tsa\base\tsa_model.py, Line: 473)
2025-09-08 14:47:58,434 - WARNING - ValueWarning: No frequency information was provided, so inferred frequency min will be used. (File: c:\ThesisWork\offical_approach\mth_project\.venv\Lib\site-packages\statsmodels\tsa\base\tsa_model.py, Line: 473)
2025-09-08 14:47:58,646 - WARNING - ValueWarning: No frequency information was provided, so inferred frequency min will be used. (File: c:\ThesisWork\offical_approach\mth_project\.venv\Lib\site-packages\statsmodels\tsa\base\tsa_model.py, Line: 473)
2025-09-08 14:47:58,876 - WARNING - ValueWarning: No frequency information was provided, so inferred frequency min will be used. (File: c:\ThesisWork\offical_approach\mth_project\.venv\Lib\site-packages\statsmodels\tsa\base\tsa_model.py, Line: 473)
2025-09-08 14:47:59,129 - WARNING - ValueWarning: No frequency information was provided, so inferred frequency min will be used. (File: c:\ThesisWork\offical_approach\mth_project\.venv\Lib\site-packages\statsmodels\tsa\base\tsa_model.py, Line: 473)
2025-09-08 14:47:59,412 - WARNING - ValueWarning: No frequency information was provided, so inferred frequency min will be used. (File: c:\ThesisWork\offical_approach\mth_project\.venv\Lib\site-packages\statsmodels\tsa\base\tsa_model.py, Line: 473)
2025-09-08 14:47:59,747 - WARNING - ValueWarning: No frequency information was provided, so inferred frequency min will be used. (File: c:\ThesisWork\offical_approach\mth_project\.venv\Lib\site-packages\statsmodels\tsa\base\tsa_model.py, Line: 473)
2025-09-08 14:48:00,111 - WARNING - ValueWarning: No frequency information was provided, so inferred frequency min will be used. (File: c:\ThesisWork\offical_approach\mth_project\.venv\Lib\site-packages\statsmodels\tsa\base\tsa_model.py, Line: 473)
2025-09-08 14:48:00,561 - WARNING - ValueWarning: No frequency information was provided, so inferred frequency min will be used. (File: c:\ThesisWork\offical_approach\mth_project\.venv\Lib\site-packages\statsmodels\tsa\base\tsa_model.py, Line: 473)
2025-09-08 14:48:01,027 - WARNING - ValueWarning: No frequency information was provided, so inferred frequency min will be used. (File: c:\ThesisWork\offical_approach\mth_project\.venv\Lib\site-packages\statsmodels\tsa\base\tsa_model.py, Line: 473)
2025-09-08 14:48:01,543 - WARNING - ValueWarning: No frequency information was provided, so inferred frequency min will be used. (File: c:\ThesisWork\offical_approach\mth_project\.venv\Lib\site-packages\statsmodels\tsa\base\tsa_model.py, Line: 473)
2025-09-08 14:48:02,043 - WARNING - ValueWarning: No frequency information was provided, so inferred frequency min will be used. (File: c:\ThesisWork\offical_approach\mth_project\.venv\Lib\site-packages\statsmodels\tsa\base\tsa_model.py, Line: 473)
2025-09-08 14:48:02,626 - WARNING - ValueWarning: No frequency information was provided, so inferred frequency min will be used. (File: c:\ThesisWork\offical_approach\mth_project\.venv\Lib\site-packages\statsmodels\tsa\base\tsa_model.py, Line: 473)
2025-09-08 14:48:03,247 - WARNING - ValueWarning: No frequency information was provided, so inferred frequency min will be used. (File: c:\ThesisWork\offical_approach\mth_project\.venv\Lib\site-packages\statsmodels\tsa\base\tsa_model.py, Line: 473)
2025-09-08 14:48:03,975 - WARNING - ValueWarning: No frequency information was provided, so inferred frequency min will be used. (File: c:\ThesisWork\offical_approach\mth_project\.venv\Lib\site-packages\statsmodels\tsa\base\tsa_model.py, Line: 473)
2025-09-08 14:48:04,690 - WARNING - ValueWarning: No frequency information was provided, so inferred frequency min will be used. (File: c:\ThesisWork\offical_approach\mth_project\.venv\Lib\site-packages\statsmodels\tsa\base\tsa_model.py, Line: 473)
2025-09-08 14:48:04,691 - WARNING - ValueWarning: No frequency information was provided, so inferred frequency min will be used. (File: c:\ThesisWork\offical_approach\mth_project\.venv\Lib\site-packages\statsmodels\tsa\base\tsa_model.py, Line: 473)
2025-09-08 14:48:04,691 - WARNING - ValueWarning: No frequency information was provided, so inferred frequency min will be used. (File: c:\ThesisWork\offical_approach\mth_project\.venv\Lib\site-packages\statsmodels\tsa\base\tsa_model.py, Line: 473)
2025-09-08 14:48:04,708 - WARNING - ValueWarning: No frequency information was provided, so inferred frequency min will be used. (File: c:\ThesisWork\offical_approach\mth_project\.venv\Lib\site-packages\statsmodels\tsa\base\tsa_model.py, Line: 473)
2025-09-08 14:48:04,724 - WARNING - ValueWarning: No frequency information was provided, so inferred frequency min will be used. (File: c:\ThesisWork\offical_approach\mth_project\.venv\Lib\site-packages\statsmodels\tsa\base\tsa_model.py, Line: 473)
2025-09-08 14:48:04,763 - WARNING - ValueWarning: No frequency information was provided, so inferred frequency min will be used. (File: c:\ThesisWork\offical_approach\mth_project\.venv\Lib\site-packages\statsmodels\tsa\base\tsa_model.py, Line: 473)
2025-09-08 14:48:04,800 - WARNING - ValueWarning: No frequency information was provided, so inferred frequency min will be used. (File: c:\ThesisWork\offical_approach\mth_project\.venv\Lib\site-packages\statsmodels\tsa\base\tsa_model.py, Line: 473)
2025-09-08 14:48:04,845 - WARNING - ValueWarning: No frequency information was provided, so inferred frequency min will be used. (File: c:\ThesisWork\offical_approach\mth_project\.venv\Lib\site-packages\statsmodels\tsa\base\tsa_model.py, Line: 473)
2025-09-08 14:48:04,891 - WARNING - ValueWarning: No frequency information was provided, so inferred frequency min will be used. (File: c:\ThesisWork\offical_approach\mth_project\.venv\Lib\site-packages\statsmodels\tsa\base\tsa_model.py, Line: 473)
2025-09-08 14:48:04,955 - WARNING - ValueWarning: No frequency information was provided, so inferred frequency min will be used. (File: c:\ThesisWork\offical_approach\mth_project\.venv\Lib\site-packages\statsmodels\tsa\base\tsa_model.py, Line: 473)
2025-09-08 14:48:05,051 - WARNING - ValueWarning: No frequency information was provided, so inferred frequency min will be used. (File: c:\ThesisWork\offical_approach\mth_project\.venv\Lib\site-packages\statsmodels\tsa\base\tsa_model.py, Line: 473)
2025-09-08 14:48:05,144 - WARNING - ValueWarning: No frequency information was provided, so inferred frequency min will be used. (File: c:\ThesisWork\offical_approach\mth_project\.venv\Lib\site-packages\statsmodels\tsa\base\tsa_model.py, Line: 473)
2025-09-08 14:48:05,243 - WARNING - ValueWarning: No frequency information was provided, so inferred frequency min will be used. (File: c:\ThesisWork\offical_approach\mth_project\.venv\Lib\site-packages\statsmodels\tsa\base\tsa_model.py, Line: 473)
2025-09-08 14:48:05,390 - WARNING - ValueWarning: No frequency information was provided, so inferred frequency min will be used. (File: c:\ThesisWork\offical_approach\mth_project\.venv\Lib\site-packages\statsmodels\tsa\base\tsa_model.py, Line: 473)
2025-09-08 14:48:05,524 - WARNING - ValueWarning: No frequency information was provided, so inferred frequency min will be used. (File: c:\ThesisWork\offical_approach\mth_project\.venv\Lib\site-packages\statsmodels\tsa\base\tsa_model.py, Line: 473)
2025-09-08 14:48:05,687 - WARNING - ValueWarning: No frequency information was provided, so inferred frequency min will be used. (File: c:\ThesisWork\offical_approach\mth_project\.venv\Lib\site-packages\statsmodels\tsa\base\tsa_model.py, Line: 473)
2025-09-08 14:48:05,864 - WARNING - ValueWarning: No frequency information was provided, so inferred frequency min will be used. (File: c:\ThesisWork\offical_approach\mth_project\.venv\Lib\site-packages\statsmodels\tsa\base\tsa_model.py, Line: 473)
2025-09-08 14:48:06,079 - WARNING - ValueWarning: No frequency information was provided, so inferred frequency min will be used. (File: c:\ThesisWork\offical_approach\mth_project\.venv\Lib\site-packages\statsmodels\tsa\base\tsa_model.py, Line: 473)
2025-09-08 14:48:06,314 - WARNING - ValueWarning: No frequency information was provided, so inferred frequency min will be used. (File: c:\ThesisWork\offical_approach\mth_project\.venv\Lib\site-packages\statsmodels\tsa\base\tsa_model.py, Line: 473)
2025-09-08 14:48:06,679 - WARNING - ValueWarning: No frequency information was provided, so inferred frequency min will be used. (File: c:\ThesisWork\offical_approach\mth_project\.venv\Lib\site-packages\statsmodels\tsa\base\tsa_model.py, Line: 473)
2025-09-08 14:48:07,078 - WARNING - ValueWarning: No frequency information was provided, so inferred frequency min will be used. (File: c:\ThesisWork\offical_approach\mth_project\.venv\Lib\site-packages\statsmodels\tsa\base\tsa_model.py, Line: 473)
2025-09-08 14:48:07,621 - WARNING - ValueWarning: No frequency information was provided, so inferred frequency min will be used. (File: c:\ThesisWork\offical_approach\mth_project\.venv\Lib\site-packages\statsmodels\tsa\base\tsa_model.py, Line: 473)
2025-09-08 14:48:08,241 - WARNING - ValueWarning: No frequency information was provided, so inferred frequency min will be used. (File: c:\ThesisWork\offical_approach\mth_project\.venv\Lib\site-packages\statsmodels\tsa\base\tsa_model.py, Line: 473)
2025-09-08 14:48:09,300 - WARNING - ValueWarning: No frequency information was provided, so inferred frequency min will be used. (File: c:\ThesisWork\offical_approach\mth_project\.venv\Lib\site-packages\statsmodels\tsa\base\tsa_model.py, Line: 473)
2025-09-08 14:48:10,525 - WARNING - ValueWarning: No frequency information was provided, so inferred frequency min will be used. (File: c:\ThesisWork\offical_approach\mth_project\.venv\Lib\site-packages\statsmodels\tsa\base\tsa_model.py, Line: 473)
2025-09-08 14:48:11,324 - WARNING - ValueWarning: No frequency information was provided, so inferred frequency min will be used. (File: c:\ThesisWork\offical_approach\mth_project\.venv\Lib\site-packages\statsmodels\tsa\base\tsa_model.py, Line: 473)
2025-09-08 14:48:12,255 - WARNING - ValueWarning: No frequency information was provided, so inferred frequency min will be used. (File: c:\ThesisWork\offical_approach\mth_project\.venv\Lib\site-packages\statsmodels\tsa\base\tsa_model.py, Line: 473)
2025-09-08 14:52:35,757 - INFO - CSV file read successfully.
2025-09-08 15:18:17,863 - INFO - CSV file read successfully.
2025-09-08 15:47:35,578 - INFO - CSV file read successfully.
2025-09-08 15:49:13,023 - INFO - CSV file read successfully.
2025-09-08 15:56:32,535 - INFO - CSV file read successfully.
2025-09-08 16:17:40,956 - INFO - CSV file read successfully.
2025-09-08 20:44:35,535 - INFO - CSV file read successfully.
2025-09-09 08:14:27,012 - INFO - CSV file read successfully.
2025-09-09 08:17:29,727 - INFO - CSV file read successfully.
2025-09-09 08:28:21,626 - INFO - Loading checkpoint from C:\Users\glislazaju2\.cache\huggingface\hub\models--google--timesfm-2.0-500m-pytorch\snapshots\dc2443792ce5516872b89b37cf1bc058c3bf0c10\torch_model.ckpt
2025-09-09 08:28:53,117 - INFO - Sending checkpoint to device cpu
2025-09-09 08:28:54,771 - INFO - Preprocessing dataframe.
2025-09-09 08:29:24,677 - INFO - Finished creating output dataframe.
2025-09-09 08:29:24,685 - INFO - Preprocessing dataframe.
2025-09-09 08:29:52,846 - INFO - Finished creating output dataframe.
2025-09-09 08:29:52,866 - INFO - Preprocessing dataframe.
2025-09-09 08:30:23,267 - INFO - Finished creating output dataframe.
2025-09-09 08:30:23,288 - INFO - Preprocessing dataframe.
2025-09-09 08:30:52,296 - INFO - Finished creating output dataframe.
2025-09-09 08:30:52,312 - INFO - Preprocessing dataframe.
2025-09-09 08:31:16,812 - INFO - Finished creating output dataframe.
2025-09-09 08:31:16,819 - INFO - Preprocessing dataframe.
2025-09-09 08:31:36,696 - INFO - Finished creating output dataframe.
2025-09-09 08:46:48,707 - INFO - Loading checkpoint from C:\Users\glislazaju2\.cache\huggingface\hub\models--google--timesfm-2.0-500m-pytorch\snapshots\dc2443792ce5516872b89b37cf1bc058c3bf0c10\torch_model.ckpt
2025-09-09 08:46:59,395 - INFO - Sending checkpoint to device cpu
2025-09-09 08:47:02,369 - INFO - Preprocessing dataframe.
2025-09-09 08:47:33,589 - INFO - Finished creating output dataframe.
2025-09-09 08:47:33,593 - INFO - Preprocessing dataframe.
2025-09-09 08:48:05,045 - INFO - Finished creating output dataframe.
2025-09-09 08:48:05,055 - INFO - Preprocessing dataframe.
2025-09-09 08:48:35,400 - INFO - Finished creating output dataframe.
2025-09-09 08:48:35,400 - INFO - Preprocessing dataframe.
2025-09-09 08:49:11,655 - INFO - Finished creating output dataframe.
2025-09-09 08:49:11,662 - INFO - Preprocessing dataframe.
2025-09-09 08:49:46,688 - INFO - Finished creating output dataframe.
2025-09-09 08:49:46,695 - INFO - Preprocessing dataframe.
2025-09-09 08:50:16,486 - INFO - Finished creating output dataframe.
